Prisma schema validation - (mergeSchemas wasm)
Error code: P1012
error: Error validating model "economic_political_discussion_board_attachment_of_articles": You defined a database name for the primary key on the model. This is not supported by the provider.
  -->  schema-05-attachments.prisma:70
   | 
69 | /// @author AutoBE - https://github.com/wrtnlabs/autobe
70 | model economic_political_discussion_board_attachment_of_articles {
71 |   //----
72 |   // COLUMNS
73 |   //----
74 |   /// Primary Key.
75 |   id String @id(map: "economic_political_discussion_board_attachment_of_arti_22b3d90f")
76 | 
77 |   /// Reference to the main attachment entity. {@link
78 |   /// economic_political_discussion_board_attachments.id}
79 |   economic_political_discussion_board_attachment_id String
80 | 
81 |   /// Reference to the article this attachment belongs to. {@link
82 |   /// economic_political_discussion_board_articles.id}
83 |   economic_political_discussion_board_article_id String
84 | 
85 |   /// Timestamp when this attachment-article relationship was created.
86 |   created_at DateTime
87 | 
88 |   //----
89 |   // RELATIONS
90 |   //----
91 |   attachment economic_political_discussion_board_attachments @relation(fields: [economic_political_discussion_board_attachment_id], references: [id], onDelete: Cascade)
92 |   article    economic_political_discussion_board_articles    @relation(fields: [economic_political_discussion_board_article_id], references: [id], onDelete: Cascade)
93 | 
94 |   // spellchecker: ignore-next-line
95 |   @@unique([economic_political_discussion_board_attachment_id], map: "economic_political_discussion_board_attachment_of_arti_6e1be518")
96 |   // spellchecker: ignore-next-line
97 |   @@index([economic_political_discussion_board_article_id], map: "economic_political_discussion_board_attachment_of_arti_4131fa7b")
98 | }
   | 
error: Error validating model "economic_political_discussion_board_attachment_of_comments": You defined a database name for the primary key on the model. This is not supported by the provider.
  -->  schema-05-attachments.prisma:113
   | 
112 | /// @author AutoBE - https://github.com/wrtnlabs/autobe
113 | model economic_political_discussion_board_attachment_of_comments {
114 |   //----
115 |   // COLUMNS
116 |   //----
117 |   /// Primary Key.
118 |   id String @id(map: "economic_political_discussion_board_attachment_of_comm_7968791e")
119 | 
120 |   /// Reference to the main attachment entity. {@link
121 |   /// economic_political_discussion_board_attachments.id}
122 |   economic_political_discussion_board_attachment_id String
123 | 
124 |   /// Reference to the comment this attachment belongs to. {@link
125 |   /// economic_political_discussion_board_comments.id}
126 |   economic_political_discussion_board_comment_id String
127 | 
128 |   /// Timestamp when this attachment-comment relationship was created.
129 |   created_at DateTime
130 | 
131 |   //----
132 |   // RELATIONS
133 |   //----
134 |   attachment economic_political_discussion_board_attachments @relation(fields: [economic_political_discussion_board_attachment_id], references: [id], onDelete: Cascade)
135 |   comment    economic_political_discussion_board_comments    @relation(fields: [economic_political_discussion_board_comment_id], references: [id], onDelete: Cascade)
136 | 
137 |   // spellchecker: ignore-next-line
138 |   @@unique([economic_political_discussion_board_attachment_id], map: "economic_political_discussion_board_attachment_of_comm_870f8d6b")
139 |   // spellchecker: ignore-next-line
140 |   @@index([economic_political_discussion_board_comment_id], map: "economic_political_discussion_board_attachment_of_comm_ab74dcef")
141 | }
   | 

Validation Error Count: 2
[Context: mergeSchemas]

Prisma CLI Version : 7.0.0